array{id: int, status: Dedoc\Scramble\Tests\Files\Status}