type: object
properties:
    foo: { type: integer }
    hey: { type: string, example: ho }
    bar: { type: string, example: foo }
required:
    - foo
    - bar
