type: object
properties:
    foo: { type: integer, example: 1 }
    bar: { type: [string, 'null'], example: b }
required:
    - bar
