type: object
properties:
    foo: { type: integer }
    wait: { type: object, properties: { one: { type: integer }, bar: { type: string, example: foo }, kek: { type: object, properties: { bar: { type: string, example: foo } }, required: [bar] } }, required: [one, bar, kek] }
    hey: { type: string, example: ho }
    bar: { type: string, example: foo }
required:
    - foo
    - wait
    - bar
